m=  11.103  lam_planck=nan  iters=4
m=  10.000  lam_planck=nan  iters=4
m=  12.328  lam_planck=nan  iters=4
m=  13.689  lam_planck=nan  iters=4
m=  16.876  lam_planck=nan  iters=2
m=  15.199  lam_planck=nan  iters=4
m=  18.738  lam_planck=3.3873e-01  iters=4
m=  20.806  lam_planck=3.3078e-01  iters=4
m=  23.101  lam_planck=3.2126e-01  iters=4
m=  25.650  lam_planck=3.0959e-01  iters=4
m=  31.623  lam_planck=2.7571e-01  iters=3
m=  28.480  lam_planck=2.9511e-01  iters=4
m=  35.112  lam_planck=2.5332e-01  iters=3
m=  38.986  lam_planck=2.2530e-01  iters=3
m=  43.288  lam_planck=1.9015e-01  iters=3
m=  48.064  lam_planck=1.4372e-01  iters=4
m=  52.000  lam_planck=4.0909e-02  iters=6
m=  52.500  lam_planck=2.7397e-02  iters=8
m=  53.367  lam_planck=1.5978e-02  iters=6
m=  53.000  lam_planck=1.9755e-02  iters=7
m=  53.500  lam_planck=1.5265e-02  iters=5
m=  54.500  lam_planck=8.8304e-03  iters=6
m=  54.000  lam_planck=1.1348e-02  iters=6
m=  55.000  lam_planck=6.9801e-03  iters=7
m=  55.500  lam_planck=5.3582e-03  iters=6
m=  56.500  lam_planck=3.3439e-03  iters=6
m=  56.000  lam_planck=4.2887e-03  iters=8
m=  57.500  lam_planck=2.1704e-03  iters=5
m=  57.000  lam_planck=2.6649e-03  iters=6
m=  58.000  lam_planck=1.6992e-03  iters=4
m=  59.000  lam_planck=1.1016e-03  iters=2
m=  59.255  lam_planck=9.8575e-04  iters=2
m=  58.500  lam_planck=1.3583e-03  iters=4
m=  59.500  lam_planck=8.8845e-04  iters=3
m=  60.000  lam_planck=7.1210e-04  iters=4
m=  60.500  lam_planck=5.7301e-04  iters=3
m=  61.500  lam_planck=3.6612e-04  iters=3
m=  61.000  lam_planck=4.5770e-04  iters=4
m=  62.000  lam_planck=2.8709e-04  iters=3
m=  62.500  lam_planck=2.1747e-04  iters=3
m=  63.000  lam_planck=6.2015e-03  iters=3
m=  63.500  lam_planck=1.3305e-02  iters=3
m=  64.000  lam_planck=1.9261e-02  iters=3
m=  64.500  lam_planck=2.4699e-02  iters=3
m=  65.500  lam_planck=3.4598e-02  iters=3
m=  65.000  lam_planck=2.9789e-02  iters=3
m=  65.793  lam_planck=3.7491e-02  iters=4
m=  66.000  lam_planck=3.9357e-02  iters=4
m=  66.500  lam_planck=4.3748e-02  iters=4
m=  67.000  lam_planck=4.7872e-02  iters=4
m=  68.000  lam_planck=5.5193e-02  iters=2
m=  68.500  lam_planck=5.8800e-02  iters=3
m=  67.500  lam_planck=5.1744e-02  iters=4
m=  69.000  lam_planck=6.1940e-02  iters=3
m=  69.500  lam_planck=6.4821e-02  iters=3
m=  70.000  lam_planck=6.7432e-02  iters=3
m=  72.000  lam_planck=7.4939e-02  iters=3
m=  73.053  lam_planck=7.6769e-02  iters=3
m=  74.000  lam_planck=7.6999e-02  iters=3
m=  76.000  lam_planck=7.2809e-02  iters=3
m=  80.000  lam_planck=4.7772e-02  iters=2
m=  78.000  lam_planck=6.1809e-02  iters=3
m=  81.113  lam_planck=4.1254e-02  iters=3
m=  84.000  lam_planck=3.5826e-02  iters=3
m=  82.000  lam_planck=3.8346e-02  iters=3
m=  86.000  lam_planck=3.4922e-02  iters=3
m=  88.000  lam_planck=3.4901e-02  iters=3
m=  90.000  lam_planck=3.4720e-02  iters=3
m= 100.000  lam_planck=3.6003e-02  iters=3
m=  90.063  lam_planck=3.4706e-02  iters=3
m= 111.034  lam_planck=4.0224e-02  iters=3
m= 120.000  lam_planck=4.3443e-02  iters=3
m= 123.285  lam_planck=4.3838e-02  iters=3
m= 125.000  lam_planck=4.3184e-02  iters=3
m= 130.000  lam_planck=4.1786e-02  iters=3
m= 168.761  lam_planck=5.1256e-02  iters=2
m= 136.887  lam_planck=4.2712e-02  iters=3
m= 151.991  lam_planck=4.6480e-02  iters=3
m= 170.000  lam_planck=5.1583e-02  iters=2
m= 175.000  lam_planck=5.2743e-02  iters=2
m= 187.382  lam_planck=5.5534e-02  iters=3
m= 180.000  lam_planck=5.4002e-02  iters=3
m= 208.057  lam_planck=6.0250e-02  iters=3
m= 231.013  lam_planck=6.6227e-02  iters=3
m= 256.502  lam_planck=7.3454e-02  iters=3
m= 284.804  lam_planck=8.1901e-02  iters=3
m= 316.228  lam_planck=9.1567e-02  iters=3
m= 351.119  lam_planck=1.0248e-01  iters=3
m= 389.860  lam_planck=1.1468e-01  iters=3
m= 432.876  lam_planck=1.2827e-01  iters=3
m= 480.638  lam_planck=1.4334e-01  iters=3
m= 533.670  lam_planck=1.6003e-01  iters=3
m= 592.553  lam_planck=1.7848e-01  iters=3
m= 657.933  lam_planck=1.9887e-01  iters=3
m= 730.527  lam_planck=2.2141e-01  iters=3
m= 900.628  lam_planck=2.7388e-01  iters=3
m= 811.131  lam_planck=2.4635e-01  iters=3
m=1000.000  lam_planck=3.0434e-01  iters=3
wrote /home/rishabh-katoch/HEPTools/SSDM_HiggsPortal/results/planck_curve.csv
